Jarvis Flask server running on https://localhost:5001
 * Serving Flask app 'server'
 * Debug mode: off
Jarvis Flask server running on https://localhost:5001
 * Serving Flask app 'server'
 * Debug mode: off
Jarvis server running on http://localhost:5001
 * Serving Flask app 'server'
 * Debug mode: off
Jarvis server running on https://localhost:5001
 * Serving Flask app 'server'
 * Debug mode: off
Jarvis server running on https://localhost:5001
 * Serving Flask app 'server'
 * Debug mode: off
Jarvis server running on https://localhost:5001
 * Serving Flask app 'server'
 * Debug mode: off
Jarvis server running on https://localhost:5001
 * Serving Flask app 'server'
 * Debug mode: off
Jarvis server running on https://localhost:5001
 * Serving Flask app 'server'
 * Debug mode: off
Jarvis server running on https://localhost:5001
 * Serving Flask app 'server'
 * Debug mode: off
Jarvis server running on https://localhost:5001
 * Serving Flask app 'server'
 * Debug mode: off
Jarvis server running on https://localhost:5001
 * Serving Flask app 'server'
 * Debug mode: off
Jarvis server running on https://localhost:5001
 * Serving Flask app 'server'
 * Debug mode: off
Jarvis server running on https://localhost:5001
 * Serving Flask app 'server'
 * Debug mode: off
Jarvis server running on https://localhost:5001
 * Serving Flask app 'server'
 * Debug mode: off
Jarvis server running on https://localhost:5001
 * Serving Flask app 'server'
 * Debug mode: off
Jarvis server running on https://localhost:5001
 * Serving Flask app 'server'
 * Debug mode: off
Jarvis server running on https://localhost:5001
 * Serving Flask app 'server'
 * Debug mode: off
Jarvis server running on https://localhost:5001
 * Serving Flask app 'server'
 * Debug mode: off
Jarvis server running on https://localhost:5001
 * Serving Flask app 'server'
 * Debug mode: off
Jarvis server running on https://localhost:5001
 * Serving Flask app 'server'
 * Debug mode: off
Jarvis server running on https://localhost:5001
 * Serving Flask app 'server'
 * Debug mode: off
Jarvis server running on https://localhost:5001
 * Serving Flask app 'server'
 * Debug mode: off
Jarvis server running on https://localhost:5001
 * Serving Flask app 'server'
 * Debug mode: off
Jarvis server running on https://localhost:5001
 * Serving Flask app 'server'
 * Debug mode: off
Jarvis server running on https://localhost:5001
 * Serving Flask app 'server'
 * Debug mode: off
Jarvis server running on https://localhost:5001
 * Serving Flask app 'server'
 * Debug mode: off
Jarvis server running on https://localhost:5001
 * Serving Flask app 'server'
 * Debug mode: off
Jarvis server running on https://localhost:5001
 * Serving Flask app 'server'
 * Debug mode: off
Jarvis server running on https://localhost:5001
 * Serving Flask app 'server'
 * Debug mode: off
Jarvis server running on https://localhost:5001
 * Serving Flask app 'server'
 * Debug mode: off
Jarvis server running on https://localhost:5001
 * Serving Flask app 'server'
 * Debug mode: off
Jarvis server running on https://localhost:5001
 * Serving Flask app 'server'
 * Debug mode: off
Jarvis server running on https://localhost:5001
 * Serving Flask app 'server'
 * Debug mode: off
Jarvis server running on https://localhost:5001
 * Serving Flask app 'server'
 * Debug mode: off
Jarvis server running on https://localhost:5001
 * Serving Flask app 'server'
 * Debug mode: off
Jarvis server running on https://localhost:5001
 * Serving Flask app 'server'
 * Debug mode: off
Jarvis server running on https://localhost:5001
 * Serving Flask app 'server'
 * Debug mode: off
Jarvis server running on https://localhost:5001
 * Serving Flask app 'server'
 * Debug mode: off
Jarvis server running on https://localhost:5001
 * Serving Flask app 'server'
 * Debug mode: off
Jarvis server running on https://localhost:5001
 * Serving Flask app 'server'
 * Debug mode: off
Jarvis server running on https://localhost:5001
 * Serving Flask app 'server'
 * Debug mode: off
Jarvis server running on https://localhost:5001
 * Serving Flask app 'server'
 * Debug mode: off
Jarvis server running on https://localhost:5001
 * Serving Flask app 'server'
 * Debug mode: off
Jarvis server running on https://localhost:5001
 * Serving Flask app 'server'
 * Debug mode: off
Jarvis server running on https://localhost:5001
 * Serving Flask app 'server'
 * Debug mode: off
Jarvis server running on https://localhost:5001
 * Serving Flask app 'server'
 * Debug mode: off
Jarvis server running on https://localhost:5001
 * Serving Flask app 'server'
 * Debug mode: off
Jarvis server running on https://localhost:5001
 * Serving Flask app 'server'
 * Debug mode: off
Jarvis server running on https://localhost:5001
 * Serving Flask app 'server'
 * Debug mode: off
Jarvis server running on https://localhost:5001
 * Serving Flask app 'server'
 * Debug mode: off
Jarvis server running on https://localhost:5001
 * Serving Flask app 'server'
 * Debug mode: off
Jarvis server running on https://localhost:5001
 * Serving Flask app 'server'
 * Debug mode: off
Jarvis server running on https://localhost:5001
 * Serving Flask app 'server'
 * Debug mode: off
Jarvis server running on https://localhost:5001
 * Serving Flask app 'server'
 * Debug mode: off
Jarvis server running on https://localhost:5001
 * Serving Flask app 'server'
 * Debug mode: off
Jarvis server running on https://localhost:5001
 * Serving Flask app 'server'
 * Debug mode: off
Jarvis server running on https://localhost:5001
 * Serving Flask app 'server'
 * Debug mode: off
Jarvis server running on https://localhost:5001
 * Serving Flask app 'server'
 * Debug mode: off
Jarvis server running on https://localhost:5001
 * Serving Flask app 'server'
 * Debug mode: off
Jarvis server running on https://localhost:5001
 * Serving Flask app 'server'
 * Debug mode: off
Jarvis server running on https://localhost:5001
 * Serving Flask app 'server'
 * Debug mode: off
Jarvis server running on https://localhost:5001
 * Serving Flask app 'server'
 * Debug mode: off
Jarvis server running on https://localhost:5001
 * Serving Flask app 'server'
 * Debug mode: off
Jarvis server running on https://localhost:5001
 * Serving Flask app 'server'
 * Debug mode: off
Jarvis server running on https://localhost:5001
 * Serving Flask app 'server'
 * Debug mode: off
Jarvis server running on https://localhost:5001
 * Serving Flask app 'server'
 * Debug mode: off
Jarvis server running on https://localhost:5001
 * Serving Flask app 'server'
 * Debug mode: off
Jarvis server running on https://localhost:5001
 * Serving Flask app 'server'
 * Debug mode: off
Jarvis server running on https://localhost:5001
 * Serving Flask app 'server'
 * Debug mode: off
Jarvis server running on https://localhost:5001
 * Serving Flask app 'server'
 * Debug mode: off
Jarvis server running on https://localhost:5001
 * Serving Flask app 'server'
 * Debug mode: off
Jarvis server running on https://localhost:5001
 * Serving Flask app 'server'
 * Debug mode: off
Jarvis server running on https://localhost:5001
 * Serving Flask app 'server'
 * Debug mode: off
Jarvis server running on https://localhost:5001
 * Serving Flask app 'server'
 * Debug mode: off
Jarvis server running on https://localhost:5001
 * Serving Flask app 'server'
 * Debug mode: off
Jarvis server running on https://localhost:5001
 * Serving Flask app 'server'
 * Debug mode: off
Jarvis server running on https://localhost:5001
 * Serving Flask app 'server'
 * Debug mode: off
Jarvis server running on https://localhost:5001
 * Serving Flask app 'server'
 * Debug mode: off
Jarvis server running on https://localhost:5001
 * Serving Flask app 'server'
 * Debug mode: off
Jarvis server running on https://localhost:5001
 * Serving Flask app 'server'
 * Debug mode: off
Jarvis server running on https://localhost:5001
 * Serving Flask app 'server'
 * Debug mode: off
Jarvis server running on https://localhost:5001
 * Serving Flask app 'server'
 * Debug mode: off
Jarvis server running on https://localhost:5001
 * Serving Flask app 'server'
 * Debug mode: off
Jarvis server running on https://localhost:5001
 * Serving Flask app 'server'
 * Debug mode: off
Jarvis server running on https://localhost:5001
 * Serving Flask app 'server'
 * Debug mode: off
Jarvis server running on https://localhost:5001
 * Serving Flask app 'server'
 * Debug mode: off
Jarvis server running on https://localhost:5001
 * Serving Flask app 'server'
 * Debug mode: off
Jarvis server running on https://localhost:5001
 * Serving Flask app 'server'
 * Debug mode: off
Jarvis server running on https://localhost:5001
 * Serving Flask app 'server'
 * Debug mode: off
Jarvis server running on https://localhost:5001
 * Serving Flask app 'server'
 * Debug mode: off
Jarvis server running on https://localhost:5001
 * Serving Flask app 'server'
 * Debug mode: off
Jarvis server running on https://localhost:5001
 * Serving Flask app 'server'
 * Debug mode: off
Jarvis server running on https://localhost:5001
 * Serving Flask app 'server'
 * Debug mode: off
Jarvis server running on https://localhost:5001
 * Serving Flask app 'server'
 * Debug mode: off
Jarvis server running on https://localhost:5001
 * Serving Flask app 'server'
 * Debug mode: off
Jarvis server running on https://localhost:5001
 * Serving Flask app 'server'
 * Debug mode: off
Jarvis server running on https://localhost:5001
 * Serving Flask app 'server'
 * Debug mode: off
Jarvis server running on https://localhost:5001
 * Serving Flask app 'server'
 * Debug mode: off
